// Jest Snapshot v1, https://goo.gl/fbAQLP

exports[`Checkbox should match snapshot 1`] = `
<DocumentFragment>
  <div
    class="checkbox"
  >
    <input
      type="checkbox"
    />
    <label />
  </div>
</DocumentFragment>
`;
